// Jest Snapshot v1, https://goo.gl/fbAQLP

exports[`<ButtonGroup /> component should render 1`] = `
<div
  class="crayons-btn-group"
>
   
  <button
    class="crayons-btn"
    disabled={false}
    type="button"
  >
    I'm the primary
  </button>
  <button
    class="crayons-btn crayons-btn--outlined"
    disabled={false}
    type="button"
  >
    I'm outlined
  </button>
  <button
    class="crayons-btn crayons-btn--danger"
    disabled={false}
    type="button"
  >
    Danger!
  </button>
  <button
    class="crayons-btn crayons-btn--secondary crayons-btn--icon-left"
    disabled={false}
    type="button"
  >
    <svg
      class="crayons-icon"
      height="24"
      width="24"
      xmlns="http://www.w3.org/2000/svg"
    >
      <path
        d="M9.99999 15.172L19.192 5.979L20.607 7.393L9.99999 18L3.63599 11.636L5.04999 10.222L9.99999 15.172Z"
      />
    </svg>
    Hello!
  </button>
  <button
    class="crayons-btn crayons-btn--secondary crayons-btn--icon-alone"
    disabled={false}
    type="button"
  >
    <svg
      class="crayons-icon"
      height="24"
      width="24"
      xmlns="http://www.w3.org/2000/svg"
    >
      <path
        d="M9.99999 15.172L19.192 5.979L20.607 7.393L9.99999 18L3.63599 11.636L5.04999 10.222L9.99999 15.172Z"
      />
    </svg>
  </button>
</div>
`;
